  Determining projects to restore...
  All projects are up-to-date for restore.
C:\Users\mjosi\OneDrive\Documents\game-jam-2026\InteractionSystem\SetupNavigation.cs(45,11): error CS0572: 'SourceGeometryMode': cannot reference a type through an expression; try 'NavigationMesh.SourceGeometryMode' instead [C:\Users\mjosi\OneDrive\Documents\game-jam-2026\game-jam-2026.csproj]
C:\Users\mjosi\OneDrive\Documents\game-jam-2026\InteractionSystem\SetupNavigation.cs(45,3): error CS0118: 'NavigationMesh.SourceGeometryMode' is a type but is used like a variable [C:\Users\mjosi\OneDrive\Documents\game-jam-2026\game-jam-2026.csproj]

Build FAILED.

C:\Users\mjosi\OneDrive\Documents\game-jam-2026\InteractionSystem\SetupNavigation.cs(45,11): error CS0572: 'SourceGeometryMode': cannot reference a type through an expression; try 'NavigationMesh.SourceGeometryMode' instead [C:\Users\mjosi\OneDrive\Documents\game-jam-2026\game-jam-2026.csproj]
C:\Users\mjosi\OneDrive\Documents\game-jam-2026\InteractionSystem\SetupNavigation.cs(45,3): error CS0118: 'NavigationMesh.SourceGeometryMode' is a type but is used like a variable [C:\Users\mjosi\OneDrive\Documents\game-jam-2026\game-jam-2026.csproj]
    0 Warning(s)
    2 Error(s)

Time Elapsed 00:00:02.03

Workload updates are available. Run `dotnet workload list` for more information.
