  Determining projects to restore...
  All projects are up-to-date for restore.
C:\Users\mjosi\OneDrive\Documents\game-jam-2026\EnemyAI.cs(120,5): error CS7036: There is no argument given that corresponds to the required parameter 'delta' of 'EnemyAI.ProcessChase(ref Vector3, float)' [C:\Users\mjosi\OneDrive\Documents\game-jam-2026\game-jam-2026.csproj]

Build FAILED.

C:\Users\mjosi\OneDrive\Documents\game-jam-2026\EnemyAI.cs(120,5): error CS7036: There is no argument given that corresponds to the required parameter 'delta' of 'EnemyAI.ProcessChase(ref Vector3, float)' [C:\Users\mjosi\OneDrive\Documents\game-jam-2026\game-jam-2026.csproj]
    0 Warning(s)
    1 Error(s)

Time Elapsed 00:00:04.93

Workload updates are available. Run `dotnet workload list` for more information.
